cargo : warning: field `execution` is never read
At line:1 char:1
+ cargo test 2> errors.txt; if ($LASTEXITCODE -eq 0) { "BUILD OK" } els ...
+ ~~~~~~~~~~~~~~~~~~~~~~~~
    + CategoryInfo          : NotSpecified: (warning: field `execution` is nev 
   er read:String) [], RemoteException
    + FullyQualifiedErrorId : NativeCommandError
 
  --> examples\trading_bot.rs:13:5
   |
10 | struct TradingBotConfig {
   |        ---------------- field in this struct
...
13 |     execution: ExecutionConfig,
   |     ^^^^^^^^^
   |
   = note: `TradingBotConfig` has a derived impl for the trait `Debug`, but thi
s is intentionally ignored during dead code analysis
   = note: `#[warn(dead_code)]` (part of `#[warn(unused)]`) on by default

warning: field `risk_management` is never read
  --> examples\trading_bot.rs:20:5
   |
17 | struct TradingConfig {
   |        ------------- field in this struct
...
20 |     risk_management: RiskManagementConfig,
   |     ^^^^^^^^^^^^^^^
   |
   = note: `TradingConfig` has a derived impl for the trait `Debug`, but this i
s intentionally ignored during dead code analysis

warning: fields `stop_loss_pct`, `take_profit_pct`, and `max_daily_trades` are 
never read
  --> examples\trading_bot.rs:25:5
   |
24 | struct RiskManagementConfig {
   |        -------------------- fields in this struct
25 |     stop_loss_pct: f64,
   |     ^^^^^^^^^^^^^
26 |     take_profit_pct: f64,
   |     ^^^^^^^^^^^^^^^
27 |     max_daily_trades: usize,
   |     ^^^^^^^^^^^^^^^^
   |
   = note: `RiskManagementConfig` has a derived impl for the trait `Debug`, but
 this is intentionally ignored during dead code analysis

warning: fields `continuous_mode_interval_minutes` and `data_lookback_days` are
 never read
  --> examples\trading_bot.rs:59:5
   |
58 | struct ExecutionConfig {
   |        --------------- fields in this struct
59 |     continuous_mode_interval_minutes: u64,
   |     ^^^^^^^^^^^^^^^^^^^^^^^^^^^^^^^^
60 |     data_lookback_days: i64,
   |     ^^^^^^^^^^^^^^^^^^
   |
   = note: `ExecutionConfig` has a derived impl for the trait `Debug`, but this
 is intentionally ignored during dead code analysis

   Compiling dollarbill v0.1.0 (C:\Users\Costas\dev\rust\DollarBill)
warning: use of deprecated method `dollarbill::analysis::stock_classifier::Stoc
kClassifier::classify_stock`: Use classify_stock_enhanced for better accuracy
  --> examples\personality_driven_pipeline.rs:51:42
   |
51 |                 let profile = classifier.classify_stock(symbol, 0.5, 0.5, 
0.5, 0.5);
   |                                          ^^^^^^^^^^^^^^
   |
   = note: `#[warn(deprecated)]` on by default

warning: use of deprecated method `dollarbill::analysis::stock_classifier::Stoc
kClassifier::classify_stock`: Use classify_stock_enhanced for better accuracy
  --> examples\enhanced_personality_analysis.rs:82:41
   |
82 |         let legacy_profile = classifier.classify_stock(
   |                                         ^^^^^^^^^^^^^^
   |
   = note: `#[warn(deprecated)]` on by default

warning: `dollarbill` (example "trading_bot") generated 4 warnings
warning: `dollarbill` (example "personality_driven_pipeline") generated 1 warni
ng
warning: `dollarbill` (example "enhanced_personality_analysis") generated 1 war
ning
warning: fields `calibration` and `options` are never read
  --> examples\trade_signals.rs:12:5
   |
10 | struct SignalsConfig {
   |        ------------- fields in this struct
11 |     analysis: AnalysisConfig,
12 |     calibration: CalibrationConfig,
   |     ^^^^^^^^^^^
13 |     options: OptionsConfig,
   |     ^^^^^^^
   |
   = note: `SignalsConfig` has a derived impl for the trait `Debug`, but this i
s intentionally ignored during dead code analysis
   = note: `#[warn(dead_code)]` (part of `#[warn(unused)]`) on by default

warning: field `edge_thresholds` is never read
  --> examples\trade_signals.rs:20:5
   |
17 | struct AnalysisConfig {
   |        -------------- field in this struct
...
20 |     edge_thresholds: EdgeThresholds,
   |     ^^^^^^^^^^^^^^^
   |
   = note: `AnalysisConfig` has a derived impl for the trait `Debug`, but this 
is intentionally ignored during dead code analysis

warning: fields `min_edge_dollars` and `min_delta` are never read
  --> examples\trade_signals.rs:31:5
   |
30 | struct EdgeThresholds {
   |        -------------- fields in this struct
31 |     min_edge_dollars: f64,
   |     ^^^^^^^^^^^^^^^^
32 |     min_delta: f64,
   |     ^^^^^^^^^
   |
   = note: `EdgeThresholds` has a derived impl for the trait `Debug`, but this 
is intentionally ignored during dead code analysis

warning: fields `tolerance` and `max_iterations` are never read
  --> examples\trade_signals.rs:37:5
   |
36 | struct CalibrationConfig {
   |        ----------------- fields in this struct
37 |     tolerance: f64,
   |     ^^^^^^^^^
38 |     max_iterations: usize,
   |     ^^^^^^^^^^^^^^
   |
   = note: `CalibrationConfig` has a derived impl for the trait `Debug`, but th
is is intentionally ignored during dead code analysis

warning: fields `default_time_to_expiry_days`, `min_time_to_expiry_days`, and `
max_time_to_expiry_days` are never read
  --> examples\trade_signals.rs:43:5
   |
42 | struct OptionsConfig {
   |        ------------- fields in this struct
43 |     default_time_to_expiry_days: usize,
   |     ^^^^^^^^^^^^^^^^^^^^^^^^^^^
44 |     min_time_to_expiry_days: usize,
   |     ^^^^^^^^^^^^^^^^^^^^^^^
45 |     max_time_to_expiry_days: usize,
   |     ^^^^^^^^^^^^^^^^^^^^^^^
   |
   = note: `OptionsConfig` has a derived impl for the trait `Debug`, but this i
s intentionally ignored during dead code analysis

warning: fields `market_mid` and `volume` are never read
  --> examples\trade_signals.rs:55:5
   |
49 | struct TradeSignal {
   |        ----------- fields in this struct
...
55 |     market_mid: f64,
   |     ^^^^^^^^^^
...
60 |     volume: i32,
   |     ^^^^^^
   |
   = note: `TradeSignal` has a derived impl for the trait `Debug`, but this is 
intentionally ignored during dead code analysis

warning: fields `analysis` and `calibration` are never read
  --> examples\vol_surface_analysis.rs:20:5
   |
18 | struct VolSurfaceAnalysis {
   |        ------------------ fields in this struct
19 |     risk_free_rate: f64,
20 |     analysis: AnalysisParams,
   |     ^^^^^^^^
21 |     calibration: CalibrationParams,
   |     ^^^^^^^^^^^
   |
   = note: `VolSurfaceAnalysis` has a derived impl for the trait `Debug`, but t
his is intentionally ignored during dead code analysis
   = note: `#[warn(dead_code)]` (part of `#[warn(unused)]`) on by default

warning: fields `min_strikes_around_atm`, `max_strikes_around_atm`, and `moneyn
ess_tolerance` are never read
  --> examples\vol_surface_analysis.rs:26:5
   |
25 | struct AnalysisParams {
   |        -------------- fields in this struct
26 |     min_strikes_around_atm: usize,
   |     ^^^^^^^^^^^^^^^^^^^^^^
27 |     max_strikes_around_atm: usize,
   |     ^^^^^^^^^^^^^^^^^^^^^^
28 |     moneyness_tolerance: f64,
   |     ^^^^^^^^^^^^^^^^^^^
   |
   = note: `AnalysisParams` has a derived impl for the trait `Debug`, but this 
is intentionally ignored during dead code analysis

warning: fields `tolerance`, `max_iterations`, and `initial_vol_guess` are neve
r read
  --> examples\vol_surface_analysis.rs:33:5
   |
32 | struct CalibrationParams {
   |        ----------------- fields in this struct
33 |     tolerance: f64,
   |     ^^^^^^^^^
34 |     max_iterations: usize,
   |     ^^^^^^^^^^^^^^
35 |     initial_vol_guess: f64,
   |     ^^^^^^^^^^^^^^^^^
   |
   = note: `CalibrationParams` has a derived impl for the trait `Debug`, but th
is is intentionally ignored during dead code analysis

warning: `dollarbill` (example "trade_signals") generated 6 warnings
warning: `dollarbill` (example "vol_surface_analysis") generated 3 warnings
warning: use of deprecated method `dollarbill::analysis::stock_classifier::Stoc
kClassifier::classify_stock`: Use classify_stock_enhanced for better accuracy
  --> examples\strategy_matching.rs:19:35
   |
19 |     let nvda_profile = classifier.classify_stock("NVDA", 0.8, 0.9, 0.2, 0.
9);
   |                                   ^^^^^^^^^^^^^^
   |
   = note: `#[warn(deprecated)]` on by default

warning: use of deprecated method `dollarbill::analysis::stock_classifier::Stoc
kClassifier::classify_stock`: Use classify_stock_enhanced for better accuracy
  --> examples\strategy_matching.rs:23:35
   |
23 |     let tsla_profile = classifier.classify_stock("TSLA", 0.6, 0.3, 0.7, 0.
8);
   |                                   ^^^^^^^^^^^^^^

warning: use of deprecated method `dollarbill::analysis::stock_classifier::Stoc
kClassifier::classify_stock`: Use classify_stock_enhanced for better accuracy
  --> examples\strategy_matching.rs:27:35
   |
27 |     let aapl_profile = classifier.classify_stock("AAPL", 0.4, 0.6, 0.3, 0.
4);
   |                                   ^^^^^^^^^^^^^^

warning: field `paper_trading` is never read
  --> examples\paper_trading.rs:12:5
   |
 9 | struct PaperTradingConfig {
   |        ------------------ field in this struct
...
12 |     paper_trading: PaperTradingSettings,
   |     ^^^^^^^^^^^^^
   |
   = note: `PaperTradingConfig` has a derived impl for the trait `Debug`, but t
his is intentionally ignored during dead code analysis
   = note: `#[warn(dead_code)]` (part of `#[warn(unused)]`) on by default

warning: fields `max_positions` and `risk_management` are never read
  --> examples\paper_trading.rs:18:5
   |
16 | struct TradingConfig {
   |        ------------- fields in this struct
17 |     position_size_shares: f64,
18 |     max_positions: usize,
   |     ^^^^^^^^^^^^^
19 |     risk_management: RiskManagementConfig,
   |     ^^^^^^^^^^^^^^^
   |
   = note: `TradingConfig` has a derived impl for the trait `Debug`, but this i
s intentionally ignored during dead code analysis

warning: fields `stop_loss_pct` and `take_profit_pct` are never read
  --> examples\paper_trading.rs:24:5
   |
23 | struct RiskManagementConfig {
   |        -------------------- fields in this struct
24 |     stop_loss_pct: f64,
   |     ^^^^^^^^^^^^^
25 |     take_profit_pct: f64,
   |     ^^^^^^^^^^^^^^^
   |
   = note: `RiskManagementConfig` has a derived impl for the trait `Debug`, but
 this is intentionally ignored during dead code analysis

warning: fields `initial_balance`, `commission_per_trade`, `data_lookback_days`
, and `simulation_days` are never read
  --> examples\paper_trading.rs:57:5
   |
56 | struct PaperTradingSettings {
   |        -------------------- fields in this struct
57 |     initial_balance: f64,
   |     ^^^^^^^^^^^^^^^
58 |     commission_per_trade: f64,
   |     ^^^^^^^^^^^^^^^^^^^^
59 |     data_lookback_days: i64,
   |     ^^^^^^^^^^^^^^^^^^
60 |     simulation_days: usize,
   |     ^^^^^^^^^^^^^^^
   |
   = note: `PaperTradingSettings` has a derived impl for the trait `Debug`, but
 this is intentionally ignored during dead code analysis

warning: `dollarbill` (example "strategy_matching") generated 3 warnings
warning: `dollarbill` (example "paper_trading") generated 4 warnings
warning: fields `position_size_pct`, `stop_loss_pct`, and `take_profit_pct` are
 never read
  --> examples\backtest_heston.rs:25:5
   |
21 | struct BacktestCommon {
   |        -------------- fields in this struct
...
25 |     position_size_pct: f64,
   |     ^^^^^^^^^^^^^^^^^
26 |     stop_loss_pct: f64,
   |     ^^^^^^^^^^^^^
27 |     take_profit_pct: f64,
   |     ^^^^^^^^^^^^^^^
   |
   = note: `BacktestCommon` has a derived impl for the trait `Debug`, but this 
is intentionally ignored during dead code analysis
   = note: `#[warn(dead_code)]` (part of `#[warn(unused)]`) on by default

warning: field `vol_threshold_low_vol` is never read
  --> examples\backtest_heston.rs:44:5
   |
38 | struct ShortTermConfig {
   |        --------------- field in this struct
...
44 |     vol_threshold_low_vol: f64,
   |     ^^^^^^^^^^^^^^^^^^^^^
   |
   = note: `ShortTermConfig` has a derived impl for the trait `Debug`, but this
 is intentionally ignored during dead code analysis

warning: fields `rsi_oversold` and `rsi_overbought` are never read
  --> examples\backtest_heston.rs:52:5
   |
48 | struct MediumTermConfig {
   |        ---------------- fields in this struct
...
52 |     rsi_oversold: f64,
   |     ^^^^^^^^^^^^
53 |     rsi_overbought: f64,
   |     ^^^^^^^^^^^^^^
   |
   = note: `MediumTermConfig` has a derived impl for the trait `Debug`, but thi
s is intentionally ignored during dead code analysis

warning: fields `ma_short_period` and `ma_long_period` are never read
  --> examples\backtest_heston.rs:61:5
   |
57 | struct LongTermConfig {
   |        -------------- fields in this struct
...
61 |     ma_short_period: usize,
   |     ^^^^^^^^^^^^^^^
62 |     ma_long_period: usize,
   |     ^^^^^^^^^^^^^^
   |
   = note: `LongTermConfig` has a derived impl for the trait `Debug`, but this 
is intentionally ignored during dead code analysis

warning: fields `spot_price` and `rmse` are never read
  --> examples\backtest_heston.rs:78:5
   |
76 | struct HestonCalibrationData {
   |        --------------------- fields in this struct
77 |     symbol: String,
78 |     spot_price: f64,
   |     ^^^^^^^^^^
79 |     heston_params: HestonParamsLocal,
80 |     rmse: f64,
   |     ^^^^
   |
   = note: `HestonCalibrationData` has a derived impl for the trait `Debug`, bu
t this is intentionally ignored during dead code analysis

warning: function `calculate_rsi` is never used
  --> examples\backtest_heston.rs:94:4
   |
94 | fn calculate_rsi(prices: &[HistoricalDay], period: usize) -> f64 {
   |    ^^^^^^^^^^^^^

warning: function `calculate_ma` is never used
   --> examples\backtest_heston.rs:120:4
    |
120 | fn calculate_ma(prices: &[HistoricalDay], period: usize) -> f64 {
    |    ^^^^^^^^^^^^

warning: fields `total_pnl`, `max_drawdown`, `win_rate`, `total_trades`, `avg_d
ays_held`, and `profit_factor` are never read
   --> examples\backtest_heston.rs:273:5
    |
272 | struct BacktestResults {
    |        --------------- fields in this struct
273 |     total_pnl: f64,
    |     ^^^^^^^^^
274 |     sharpe: f64,
275 |     max_drawdown: f64,
    |     ^^^^^^^^^^^^
276 |     win_rate: f64,
    |     ^^^^^^^^
277 |     total_trades: usize,
    |     ^^^^^^^^^^^^
278 |     avg_days_held: f64,
    |     ^^^^^^^^^^^^^
279 |     profit_factor: f64,
    |     ^^^^^^^^^^^^^
    |
    = note: `BacktestResults` has a derived impl for the trait `Debug`, but thi
s is intentionally ignored during dead code analysis

warning: multiple fields are never read
   --> examples\backtest_heston.rs:518:5
    |
517 | struct TradeRecord {
    |        ----------- fields in this struct
518 |     entry_date: String,
    |     ^^^^^^^^^^
519 |     exit_date: String,
    |     ^^^^^^^^^
520 |     symbol: String,
    |     ^^^^^^
521 |     option_type: String,
    |     ^^^^^^^^^^^
522 |     strike: f64,
    |     ^^^^^^
523 |     entry_price: f64,
    |     ^^^^^^^^^^^
524 |     exit_price: f64,
    |     ^^^^^^^^^^
...
527 |     result: &'static str,
    |     ^^^^^^
    |
    = note: `TradeRecord` has a derived impl for the trait `Debug`, but this is
 intentionally ignored during dead code analysis

warning: `dollarbill` (example "backtest_heston") generated 9 warnings
warning: fields `calibration` and `options` are never read
  --> examples\calibrate_live_options.rs:13:5
   |
11 | struct SignalsConfig {
   |        ------------- fields in this struct
12 |     analysis: AnalysisConfig,
13 |     calibration: CalibrationConfig,
   |     ^^^^^^^^^^^
14 |     options: OptionsConfig,
   |     ^^^^^^^
   |
   = note: `SignalsConfig` has a derived impl for the trait `Debug`, but this i
s intentionally ignored during dead code analysis
   = note: `#[warn(dead_code)]` (part of `#[warn(unused)]`) on by default

warning: field `edge_thresholds` is never read
  --> examples\calibrate_live_options.rs:21:5
   |
18 | struct AnalysisConfig {
   |        -------------- field in this struct
...
21 |     edge_thresholds: EdgeThresholds,
   |     ^^^^^^^^^^^^^^^
   |
   = note: `AnalysisConfig` has a derived impl for the trait `Debug`, but this 
is intentionally ignored during dead code analysis

warning: fields `min_edge_dollars` and `min_delta` are never read
  --> examples\calibrate_live_options.rs:32:5
   |
31 | struct EdgeThresholds {
   |        -------------- fields in this struct
32 |     min_edge_dollars: f64,
   |     ^^^^^^^^^^^^^^^^
33 |     min_delta: f64,
   |     ^^^^^^^^^
   |
   = note: `EdgeThresholds` has a derived impl for the trait `Debug`, but this 
is intentionally ignored during dead code analysis

warning: fields `tolerance` and `max_iterations` are never read
  --> examples\calibrate_live_options.rs:38:5
   |
37 | struct CalibrationConfig {
   |        ----------------- fields in this struct
38 |     tolerance: f64,
   |     ^^^^^^^^^
39 |     max_iterations: usize,
   |     ^^^^^^^^^^^^^^
   |
   = note: `CalibrationConfig` has a derived impl for the trait `Debug`, but th
is is intentionally ignored during dead code analysis

warning: fields `default_time_to_expiry_days`, `min_time_to_expiry_days`, and `
max_time_to_expiry_days` are never read
  --> examples\calibrate_live_options.rs:44:5
   |
43 | struct OptionsConfig {
   |        ------------- fields in this struct
44 |     default_time_to_expiry_days: usize,
   |     ^^^^^^^^^^^^^^^^^^^^^^^^^^^
45 |     min_time_to_expiry_days: usize,
   |     ^^^^^^^^^^^^^^^^^^^^^^^
46 |     max_time_to_expiry_days: usize,
   |     ^^^^^^^^^^^^^^^^^^^^^^^
   |
   = note: `OptionsConfig` has a derived impl for the trait `Debug`, but this i
s intentionally ignored during dead code analysis

warning: fields `calibration` and `options` are never read
  --> examples\multi_symbol_signals.rs:16:5
   |
14 | struct SignalsConfig {
   |        ------------- fields in this struct
15 |     analysis: AnalysisConfig,
16 |     calibration: CalibrationConfig,
   |     ^^^^^^^^^^^
17 |     options: OptionsConfig,
   |     ^^^^^^^
   |
   = note: `SignalsConfig` has a derived impl for the trait `Debug`, but this i
s intentionally ignored during dead code analysis
   = note: `#[warn(dead_code)]` (part of `#[warn(unused)]`) on by default

warning: field `edge_thresholds` is never read
  --> examples\multi_symbol_signals.rs:24:5
   |
21 | struct AnalysisConfig {
   |        -------------- field in this struct
...
24 |     edge_thresholds: EdgeThresholds,
   |     ^^^^^^^^^^^^^^^
   |
   = note: `AnalysisConfig` has a derived impl for the trait `Debug`, but this 
is intentionally ignored during dead code analysis

warning: fields `min_edge_dollars` and `min_delta` are never read
  --> examples\multi_symbol_signals.rs:35:5
   |
34 | struct EdgeThresholds {
   |        -------------- fields in this struct
35 |     min_edge_dollars: f64,
   |     ^^^^^^^^^^^^^^^^
36 |     min_delta: f64,
   |     ^^^^^^^^^
   |
   = note: `EdgeThresholds` has a derived impl for the trait `Debug`, but this 
is intentionally ignored during dead code analysis

warning: fields `tolerance` and `max_iterations` are never read
  --> examples\multi_symbol_signals.rs:41:5
   |
40 | struct CalibrationConfig {
   |        ----------------- fields in this struct
41 |     tolerance: f64,
   |     ^^^^^^^^^
42 |     max_iterations: usize,
   |     ^^^^^^^^^^^^^^
   |
   = note: `CalibrationConfig` has a derived impl for the trait `Debug`, but th
is is intentionally ignored during dead code analysis

warning: fields `default_time_to_expiry_days`, `min_time_to_expiry_days`, and `
max_time_to_expiry_days` are never read
  --> examples\multi_symbol_signals.rs:47:5
   |
46 | struct OptionsConfig {
   |        ------------- fields in this struct
47 |     default_time_to_expiry_days: usize,
   |     ^^^^^^^^^^^^^^^^^^^^^^^^^^^
48 |     min_time_to_expiry_days: usize,
   |     ^^^^^^^^^^^^^^^^^^^^^^^
49 |     max_time_to_expiry_days: usize,
   |     ^^^^^^^^^^^^^^^^^^^^^^^
   |
   = note: `OptionsConfig` has a derived impl for the trait `Debug`, but this i
s intentionally ignored during dead code analysis

warning: field `implied_vol` is never read
  --> examples\multi_symbol_signals.rs:69:5
   |
53 | struct TradeSignal {
   |        ----------- field in this struct
...
69 |     implied_vol: f64,
   |     ^^^^^^^^^^^
   |
   = note: `TradeSignal` has derived impls for the traits `Clone` and `Debug`, 
but these are intentionally ignored during dead code analysis

warning: `dollarbill` (example "calibrate_live_options") generated 5 warnings
warning: `dollarbill` (example "multi_symbol_signals") generated 6 warnings
warning: constant `DEFAULT_DTE` is never used
   --> examples\personality_based_bot.rs:803:11
    |
803 |     const DEFAULT_DTE: usize = 30;
    |           ^^^^^^^^^^^
    |
    = note: `#[warn(dead_code)]` (part of `#[warn(unused)]`) on by default

warning: `dollarbill` (example "personality_based_bot") generated 1 warning
    Finished `test` profile [unoptimized + debuginfo] target(s) in 4.06s
     Running unittests src\lib.rs (target\debug\deps\dollarbill-6c68ea51f89b070
8.exe)
     Running unittests src\main.rs (target\debug\deps\dollarbill-e0fef81bd63037
db.exe)
     Running tests\lib.rs (target\debug\deps\lib-591f417c98932684.exe)
